
Memory Configuration

Name             Origin             Length             Attributes
FLASH            0x08000000         0x00040000         xr
SRAM             0x20000000         0x00010000         xrw
*default*        0x00000000         0xffffffff

Linker script and memory map

LOAD src/obj/main.o
LOAD src/obj/startup_STM32L432KC.o
                0x20010000                        _estack = 0x20010000

.isr_vector     0x08000000      0x18c
                0x08000000                        . = ALIGN (0x4)
 *(.isr_vector)
 .isr_vector    0x08000000      0x18c src/obj/startup_STM32L432KC.o
                0x08000000                fpn_vector
                0x0800018c                        . = ALIGN (0x4)

.text           0x0800018c      0x274
                0x0800018c                        . = ALIGN (0x4)
 *(.text)
 .text          0x0800018c      0x1cc src/obj/main.o
                0x0800018c                TIM2_handler
                0x080001b0                wait_ms
                0x080001ec                main
 .text          0x08000358       0x8c src/obj/startup_STM32L432KC.o
                0x08000358                CRS_handler
                0x08000358                EXTI15_10_handler
                0x08000358                USART1_handler
                0x08000358                LPTIM2_handler
                0x08000358                EXTI0_handler
                0x08000358                DFSDM1_FLT1_handler
                0x08000358                CAN1_RX1_handler
                0x08000358                NMI_handler
                0x08000358                DFSDM1_FLT0_handler
                0x08000358                DMA2_CH5
                0x08000358                RTC_ALARM_handler
                0x08000358                QUADSPI_handler
                0x08000358                USART2_handler
                0x08000358                DMA2_CH2
                0x08000358                DMA2_CH7_handler
                0x08000358                SPI3_handler
                0x08000358                TIM3_handler
                0x08000358                WWDG_handler
                0x08000358                LCD_handler
                0x08000358                DMA2_CH6_handler
                0x08000358                SPI2_handler
                0x08000358                UsuageFault_handler
                0x08000358                SVCall_handler
                0x08000358                SAI1_handler
                0x08000358                TIM1_TRG_COM_handler
                0x08000358                UART4_handler
                0x08000358                DebugMonitor_handler
                0x08000358                DMA1_CH5_handler
                0x08000358                I2C3_ER_handler
                0x08000358                MemManage_handler
                0x08000358                RTC_WKUP_handler
                0x08000358                RNG_handler
                0x08000358                HardFault_handler
                0x08000358                FPU_handler
                0x08000358                TSC_handler
                0x08000358                I2C4_EV_handler
                0x08000358                RCC_handler
                0x08000358                Systick_handler
                0x08000358                AES_handler
                0x08000358                EXTI2_handler
                0x08000358                DMA2_CH1
                0x08000358                TIM7_handler
                0x08000358                I2C1_ER_handler
                0x08000358                DMA2_CH4
                0x08000358                EXTI9_5__handler
                0x08000358                I2C2_EV_handler
                0x08000358                USB_FS_handler
                0x08000358                RTC_TAMP_STAMP_CSS_LSE_handler
                0x08000358                DMA1_CH6_handler
                0x08000358                EXTI3_handler
                0x08000358                DMA1_CH1_handler
                0x08000358                FLASH_handler
                0x08000358                I2C4_ER_handler
                0x08000358                DMA1_CH7_handler
                0x08000358                TIM1_UP_TIM16_handler
                0x08000358                SWPMI1_handler
                0x08000358                I2C2_ER_handler
                0x08000358                LPTIM1_handler
                0x08000358                DMA1_CH4_handler
                0x08000358                EXTI4_handler
                0x08000358                CAN1_TX_handler
                0x08000358                DMA1_CH2_handler
                0x08000358                TIM1_BRK_TIM15_handler
                0x08000358                SDMMC1_handler
                0x08000358                I2C1_EV_handler
                0x08000358                CAN1_RX0_handler
                0x08000358                SPI1_handler
                0x08000358                DMA1_CH3_handler
                0x08000358                PendSV_handler
                0x08000358                COMP_handler
                0x08000358                LPUART1_handler
                0x08000358                EXTI1_handler
                0x08000358                ADC1_2_handler
                0x08000358                CAN1_SCE_handler
                0x08000358                TIM6_DACUNDER_handler
                0x08000358                I2C3_EV_handler
                0x08000358                DMA2_CH3
                0x08000358                PVD_PVM_handler
                0x08000358                BusFault_handler
                0x08000358                TIM1_CC_handler
                0x08000358                USART3_handler
                0x08000358                Default_handler
                0x08000360                Reset_handler
 *(.text.*)
 *(.rodata)
 .rodata        0x080003e4       0x1c src/obj/main.o
                0x080003e4                NVIC
                0x080003e8                RCC
                0x080003ec                GPIOA
                0x080003f0                GPIOB
                0x080003f4                GPIOC
                0x080003f8                TIM2
                0x080003fc                TIM6
 *(.rodata.*)
                0x08000400                        . = ALIGN (0x4)
                0x08000400                        _etext = LOADADDR (.data)

.glue_7         0x08000400        0x0
 .glue_7        0x08000400        0x0 linker stubs

.glue_7t        0x08000400        0x0
 .glue_7t       0x08000400        0x0 linker stubs

.vfp11_veneer   0x08000400        0x0
 .vfp11_veneer  0x08000400        0x0 linker stubs

.v4_bx          0x08000400        0x0
 .v4_bx         0x08000400        0x0 linker stubs

.iplt           0x08000400        0x0
 .iplt          0x08000400        0x0 src/obj/startup_STM32L432KC.o

.rel.dyn        0x08000400        0x0
 .rel.iplt      0x08000400        0x0 src/obj/startup_STM32L432KC.o

.data           0x20000000        0x0 load address 0x08000400
                0x20000000                        . = ALIGN (0x4)
                0x20000000                        _sdata = .
 *(.data)
 .data          0x20000000        0x0 src/obj/main.o
 .data          0x20000000        0x0 src/obj/startup_STM32L432KC.o
 *(.data.*)
                0x20000000                        . = ALIGN (0x4)
                0x20000000                        _edata = .

.igot.plt       0x20000000        0x0 load address 0x08000400
 .igot.plt      0x20000000        0x0 src/obj/startup_STM32L432KC.o

.bss            0x20000000        0x0 load address 0x08000400
                0x20000000                        . = ALIGN (0x4)
                0x20000000                        _sbss = .
 *(.bss)
 .bss           0x20000000        0x0 src/obj/main.o
 .bss           0x20000000        0x0 src/obj/startup_STM32L432KC.o
 *(.bss.*)
 *(COMMON)
                0x20000000                        . = ALIGN (0x4)
                0x20000000                        _ebss = .
OUTPUT(debug/main.elf elf32-littlearm)
LOAD linker stubs

.debug_info     0x00000000      0x807
 .debug_info    0x00000000      0x68c src/obj/main.o
 .debug_info    0x0000068c      0x17b src/obj/startup_STM32L432KC.o

.debug_abbrev   0x00000000      0x25f
 .debug_abbrev  0x00000000      0x152 src/obj/main.o
 .debug_abbrev  0x00000152      0x10d src/obj/startup_STM32L432KC.o

.debug_aranges  0x00000000       0x40
 .debug_aranges
                0x00000000       0x20 src/obj/main.o
 .debug_aranges
                0x00000020       0x20 src/obj/startup_STM32L432KC.o

.debug_line     0x00000000      0x33b
 .debug_line    0x00000000      0x1e9 src/obj/main.o
 .debug_line    0x000001e9      0x152 src/obj/startup_STM32L432KC.o

.debug_str      0x00000000      0x4f8
 .debug_str     0x00000000      0x480 src/obj/main.o
                                0x4c7 (size before relaxing)
 .debug_str     0x00000480       0x78 src/obj/startup_STM32L432KC.o
                                0x1ae (size before relaxing)

.comment        0x00000000       0x4c
 .comment       0x00000000       0x4c src/obj/main.o
                                 0x4d (size before relaxing)
 .comment       0x0000004c       0x4d src/obj/startup_STM32L432KC.o

.ARM.attributes
                0x00000000       0x2e
 .ARM.attributes
                0x00000000       0x2e src/obj/main.o
 .ARM.attributes
                0x0000002e       0x2e src/obj/startup_STM32L432KC.o

.debug_frame    0x00000000       0xc0
 .debug_frame   0x00000000       0x74 src/obj/main.o
 .debug_frame   0x00000074       0x4c src/obj/startup_STM32L432KC.o
